Archive member included to satisfy reference by file (symbol)

/home/thevioletsun/arm-gnu-toolchain/bin/../lib/gcc/arm-none-eabi/13.3.1/../../../../arm-none-eabi/lib/thumb/v7e-m+fp/hard/libc_nano.a(libc_a-exit.o)
                              /home/thevioletsun/arm-gnu-toolchain/bin/../lib/gcc/arm-none-eabi/13.3.1/../../../../arm-none-eabi/lib/thumb/v7e-m+fp/hard/crt0.o (exit)
/home/thevioletsun/arm-gnu-toolchain/bin/../lib/gcc/arm-none-eabi/13.3.1/../../../../arm-none-eabi/lib/thumb/v7e-m+fp/hard/libc_nano.a(libc_a-errno.o)
                              ./Core/Src/syscalls.o (__errno)
/home/thevioletsun/arm-gnu-toolchain/bin/../lib/gcc/arm-none-eabi/13.3.1/../../../../arm-none-eabi/lib/thumb/v7e-m+fp/hard/libc_nano.a(libc_a-init.o)
                              /home/thevioletsun/arm-gnu-toolchain/bin/../lib/gcc/arm-none-eabi/13.3.1/../../../../arm-none-eabi/lib/thumb/v7e-m+fp/hard/crt0.o (__libc_init_array)
/home/thevioletsun/arm-gnu-toolchain/bin/../lib/gcc/arm-none-eabi/13.3.1/../../../../arm-none-eabi/lib/thumb/v7e-m+fp/hard/libc_nano.a(libc_a-memset.o)
                              /home/thevioletsun/arm-gnu-toolchain/bin/../lib/gcc/arm-none-eabi/13.3.1/../../../../arm-none-eabi/lib/thumb/v7e-m+fp/hard/crt0.o (memset)
/home/thevioletsun/arm-gnu-toolchain/bin/../lib/gcc/arm-none-eabi/13.3.1/../../../../arm-none-eabi/lib/thumb/v7e-m+fp/hard/libc_nano.a(libc_a-impure.o)
                              /home/thevioletsun/arm-gnu-toolchain/bin/../lib/gcc/arm-none-eabi/13.3.1/../../../../arm-none-eabi/lib/thumb/v7e-m+fp/hard/libc_nano.a(libc_a-errno.o) (_impure_ptr)
/home/thevioletsun/arm-gnu-toolchain/bin/../lib/gcc/arm-none-eabi/13.3.1/../../../../arm-none-eabi/lib/thumb/v7e-m+fp/hard/libc_nano.a(libc_a-findfp.o)
                              /home/thevioletsun/arm-gnu-toolchain/bin/../lib/gcc/arm-none-eabi/13.3.1/../../../../arm-none-eabi/lib/thumb/v7e-m+fp/hard/libc_nano.a(libc_a-exit.o) (__stdio_exit_handler)
/home/thevioletsun/arm-gnu-toolchain/bin/../lib/gcc/arm-none-eabi/13.3.1/../../../../arm-none-eabi/lib/thumb/v7e-m+fp/hard/libc_nano.a(libc_a-stdio.o)
                              /home/thevioletsun/arm-gnu-toolchain/bin/../lib/gcc/arm-none-eabi/13.3.1/../../../../arm-none-eabi/lib/thumb/v7e-m+fp/hard/libc_nano.a(libc_a-findfp.o) (__sread)
/home/thevioletsun/arm-gnu-toolchain/bin/../lib/gcc/arm-none-eabi/13.3.1/../../../../arm-none-eabi/lib/thumb/v7e-m+fp/hard/libc_nano.a(libc_a-lseekr.o)
                              /home/thevioletsun/arm-gnu-toolchain/bin/../lib/gcc/arm-none-eabi/13.3.1/../../../../arm-none-eabi/lib/thumb/v7e-m+fp/hard/libc_nano.a(libc_a-stdio.o) (_lseek_r)
/home/thevioletsun/arm-gnu-toolchain/bin/../lib/gcc/arm-none-eabi/13.3.1/../../../../arm-none-eabi/lib/thumb/v7e-m+fp/hard/libc_nano.a(libc_a-readr.o)
                              /home/thevioletsun/arm-gnu-toolchain/bin/../lib/gcc/arm-none-eabi/13.3.1/../../../../arm-none-eabi/lib/thumb/v7e-m+fp/hard/libc_nano.a(libc_a-stdio.o) (_read_r)
/home/thevioletsun/arm-gnu-toolchain/bin/../lib/gcc/arm-none-eabi/13.3.1/../../../../arm-none-eabi/lib/thumb/v7e-m+fp/hard/libc_nano.a(libc_a-fwalk.o)
                              /home/thevioletsun/arm-gnu-toolchain/bin/../lib/gcc/arm-none-eabi/13.3.1/../../../../arm-none-eabi/lib/thumb/v7e-m+fp/hard/libc_nano.a(libc_a-findfp.o) (_fwalk_sglue)
/home/thevioletsun/arm-gnu-toolchain/bin/../lib/gcc/arm-none-eabi/13.3.1/../../../../arm-none-eabi/lib/thumb/v7e-m+fp/hard/libc_nano.a(libc_a-writer.o)
                              /home/thevioletsun/arm-gnu-toolchain/bin/../lib/gcc/arm-none-eabi/13.3.1/../../../../arm-none-eabi/lib/thumb/v7e-m+fp/hard/libc_nano.a(libc_a-stdio.o) (_write_r)
/home/thevioletsun/arm-gnu-toolchain/bin/../lib/gcc/arm-none-eabi/13.3.1/../../../../arm-none-eabi/lib/thumb/v7e-m+fp/hard/libc_nano.a(libc_a-lock.o)
                              /home/thevioletsun/arm-gnu-toolchain/bin/../lib/gcc/arm-none-eabi/13.3.1/../../../../arm-none-eabi/lib/thumb/v7e-m+fp/hard/libc_nano.a(libc_a-findfp.o) (__retarget_lock_init_recursive)
/home/thevioletsun/arm-gnu-toolchain/bin/../lib/gcc/arm-none-eabi/13.3.1/../../../../arm-none-eabi/lib/thumb/v7e-m+fp/hard/libc_nano.a(libc_a-fflush.o)
                              /home/thevioletsun/arm-gnu-toolchain/bin/../lib/gcc/arm-none-eabi/13.3.1/../../../../arm-none-eabi/lib/thumb/v7e-m+fp/hard/libc_nano.a(libc_a-findfp.o) (_fflush_r)
/home/thevioletsun/arm-gnu-toolchain/bin/../lib/gcc/arm-none-eabi/13.3.1/../../../../arm-none-eabi/lib/thumb/v7e-m+fp/hard/libc_nano.a(libc_a-mallocr.o)
                              /home/thevioletsun/arm-gnu-toolchain/bin/../lib/gcc/arm-none-eabi/13.3.1/../../../../arm-none-eabi/lib/thumb/v7e-m+fp/hard/libc_nano.a(libc_a-findfp.o) (_malloc_r)
/home/thevioletsun/arm-gnu-toolchain/bin/../lib/gcc/arm-none-eabi/13.3.1/../../../../arm-none-eabi/lib/thumb/v7e-m+fp/hard/libc_nano.a(libc_a-closer.o)
[...]
Memory Configuration

Name             Origin             Length             Attributes
RAM              0x20000000         0x00010000         xrw
FLASH            0x08000000         0x00040000         xr
*default*        0x00000000         0xffffffff

Linker script and memory map

LOAD /home/thevioletsun/arm-gnu-toolchain/bin/../lib/gcc/arm-none-eabi/13.3.1/thumb/v7e-m+fp/hard/crti.o
LOAD /home/thevioletsun/arm-gnu-toolchain/bin/../lib/gcc/arm-none-eabi/13.3.1/thumb/v7e-m+fp/hard/crtbegin.o
LOAD /home/thevioletsun/arm-gnu-toolchain/bin/../lib/gcc/arm-none-eabi/13.3.1/../../../../arm-none-eabi/lib/thumb/v7e-m+fp/hard/crt0.o
LOAD ./Core/Src/main.o
LOAD ./Core/Src/porting_spi.o
LOAD ./Core/Src/stm32f4xx_hal_msp.o
LOAD ./Core/Src/stm32f4xx_it.o
LOAD ./Core/Src/syscalls.o
LOAD ./Core/Src/sysmem.o
LOAD ./Core/Src/system_stm32f4xx.o
LOAD ./Core/Startup/startup_stm32f401ccux.o
LOAD ./Drivers/STM32F4xx_HAL_Driver/Src/stm32f4xx_hal.o
LOAD ./Drivers/STM32F4xx_HAL_Driver/Src/stm32f4xx_hal_cortex.o
LOAD ./Drivers/STM32F4xx_HAL_Driver/Src/stm32f4xx_hal_dma.o
LOAD ./Drivers/STM32F4xx_HAL_Driver/Src/stm32f4xx_hal_dma_ex.o
LOAD ./Drivers/STM32F4xx_HAL_Driver/Src/stm32f4xx_hal_exti.o
LOAD ./Drivers/STM32F4xx_HAL_Driver/Src/stm32f4xx_hal_flash.o
LOAD ./Drivers/STM32F4xx_HAL_Driver/Src/stm32f4xx_hal_flash_ex.o
LOAD ./Drivers/STM32F4xx_HAL_Driver/Src/stm32f4xx_hal_flash_ramfunc.o
LOAD ./Drivers/STM32F4xx_HAL_Driver/Src/stm32f4xx_hal_gpio.o
LOAD ./Drivers/STM32F4xx_HAL_Driver/Src/stm32f4xx_hal_pwr.o
LOAD ./Drivers/STM32F4xx_HAL_Driver/Src/stm32f4xx_hal_pwr_ex.o
LOAD ./Drivers/STM32F4xx_HAL_Driver/Src/stm32f4xx_hal_rcc.o
LOAD ./Drivers/STM32F4xx_HAL_Driver/Src/stm32f4xx_hal_rcc_ex.o
LOAD ./Drivers/STM32F4xx_HAL_Driver/Src/stm32f4xx_hal_uart.o
LOAD ./Drivers/STM32F4xx_HAL_Driver/Src/stm32f4xx_hal_spi.o
LOAD ./ps2-dualshock-spi/ps2_dualshock_spi.o
START GROUP
LOAD /home/thevioletsun/arm-gnu-toolchain/bin/../lib/gcc/arm-none-eabi/13.3.1/../../../../arm-none-eabi/lib/thumb/v7e-m+fp/hard/libm.a
LOAD /home/thevioletsun/arm-gnu-toolchain/bin/../lib/gcc/arm-none-eabi/13.3.1/../../../../arm-none-eabi/lib/thumb/v7e-m+fp/hard/libc_nano.a
END GROUP
START GROUP
LOAD /home/thevioletsun/arm-gnu-toolchain/bin/../lib/gcc/arm-none-eabi/13.3.1/thumb/v7e-m+fp/hard/libgcc.a
LOAD /home/thevioletsun/arm-gnu-toolchain/bin/../lib/gcc/arm-none-eabi/13.3.1/../../../../arm-none-eabi/lib/thumb/v7e-m+fp/hard/libc_nano.a
END GROUP
START GROUP
LOAD /home/thevioletsun/arm-gnu-toolchain/bin/../lib/gcc/arm-none-eabi/13.3.1/thumb/v7e-m+fp/hard/libgcc.a
LOAD /home/thevioletsun/arm-gnu-toolchain/bin/../lib/gcc/arm-none-eabi/13.3.1/../../../../arm-none-eabi/lib/thumb/v7e-m+fp/hard/libc_nano.a
LOAD /home/thevioletsun/arm-gnu-toolchain/bin/../lib/gcc/arm-none-eabi/13.3.1/../../../../arm-none-eabi/lib/thumb/v7e-m+fp/hard/libnosys.a
END GROUP
START GROUP
LOAD /home/thevioletsun/arm-gnu-toolchain/bin/../lib/gcc/arm-none-eabi/13.3.1/thumb/v7e-m+fp/hard/libgcc.a
LOAD /home/thevioletsun/arm-gnu-toolchain/bin/../lib/gcc/arm-none-eabi/13.3.1/../../../../arm-none-eabi/lib/thumb/v7e-m+fp/hard/libc_nano.a
LOAD /home/thevioletsun/arm-gnu-toolchain/bin/../lib/gcc/arm-none-eabi/13.3.1/../../../../arm-none-eabi/lib/thumb/v7e-m+fp/hard/libnosys.a
END GROUP
LOAD /home/thevioletsun/arm-gnu-toolchain/bin/../lib/gcc/arm-none-eabi/13.3.1/thumb/v7e-m+fp/hard/crtend.o
LOAD /home/thevioletsun/arm-gnu-toolchain/bin/../lib/gcc/arm-none-eabi/13.3.1/thumb/v7e-m+fp/hard/crtn.o
                0x20010000                        _estack = (ORIGIN (RAM) + LENGTH (RAM))
                0x00000200                        _Min_Heap_Size = 0x200
                0x00000400                        _Min_Stack_Size = 0x400

.isr_vector     0x08000000      0x194
                0x08000000                        . = ALIGN (0x4)
 *(.isr_vector)
 .isr_vector    0x08000000      0x194 ./Core/Startup/startup_stm32f401ccux.o
                0x08000000                g_pfnVectors
                0x08000194                        . = ALIGN (0x4)

.text           0x08000194     0x367c
                0x08000194                        . = ALIGN (0x4)
 *(.text)
 .text          0x08000194       0x30 /home/thevioletsun/arm-gnu-toolchain/bin/../lib/gcc/arm-none-eabi/13.3.1/thumb/v7e-m+fp/hard/libgcc.a(_aeabi_uldivmod.o)
                0x08000194                __aeabi_uldivmod
 .text          0x080001c4        0x4 /home/thevioletsun/arm-gnu-toolchain/bin/../lib/gcc/arm-none-eabi/13.3.1/thumb/v7e-m+fp/hard/libgcc.a(_dvmd_tls.o)
                0x080001c4                __aeabi_ldiv0
                0x080001c4                __aeabi_idiv0
 *(.text*)
 .text.deregister_tm_clones
                0x080001c8       0x1c /home/thevioletsun/arm-gnu-toolchain/bin/../lib/gcc/arm-none-eabi/13.3.1/thumb/v7e-m+fp/hard/crtbegin.o
 .text.register_tm_clones
                0x080001e4       0x24 /home/thevioletsun/arm-gnu-toolchain/bin/../lib/gcc/arm-none-eabi/13.3.1/thumb/v7e-m+fp/hard/crtbegin.o
 .text.__do_global_dtors_aux
                0x08000208       0x28 /home/thevioletsun/arm-gnu-toolchain/bin/../lib/gcc/arm-none-eabi/13.3.1/thumb/v7e-m+fp/hard/crtbegin.o
 .text.frame_dummy
                0x08000230       0x24 /home/thevioletsun/arm-gnu-toolchain/bin/../lib/gcc/arm-none-eabi/13.3.1/thumb/v7e-m+fp/hard/crtbegin.o
 .text.main     0x08000254      0x5d4 ./Core/Src/main.o
                0x08000254                main
 .text.putchar_uart
                0x08000828       0x30 ./Core/Src/main.o
                0x08000828                putchar_uart
 .text.SystemClock_Config
                0x08000858       0xc0 ./Core/Src/main.o
                0x08000858                SystemClock_Config
 .text.Error_Handler
                0x08000918        0xc ./Core/Src/main.o
                0x08000918                Error_Handler
 .text.assert_failed
                0x08000924        0xe ./Core/Src/main.o
                0x08000924                assert_failed
 .text.delay_ms
                0x08000932       0x18 ./Core/Src/porting_spi.o
                0x08000932                delay_ms
 *fill*         0x0800094a        0x2 
 .text.tx_rx    0x0800094c       0x78 ./Core/Src/porting_spi.o
                0x0800094c                tx_rx
 .text.HAL_MspInit
                0x080009c4       0x50 ./Core/Src/stm32f4xx_hal_msp.o
                0x080009c4                HAL_MspInit
 .text.HAL_UART_MspInit
                0x08000a14       0x88 ./Core/Src/stm32f4xx_hal_msp.o
                0x08000a14                HAL_UART_MspInit
 .text.HAL_SPI_MspInit
                0x08000a9c       0xac ./Core/Src/stm32f4xx_hal_msp.o
                0x08000a9c                HAL_SPI_MspInit
 .text.NMI_Handler
                0x08000b48        0x8 ./Core/Src/stm32f4xx_it.o
                0x08000b48                NMI_Handler
 .text.HardFault_Handler
                0x08000b50        0x8 ./Core/Src/stm32f4xx_it.o
                0x08000b50                HardFault_Handler
 .text.MemManage_Handler
                0x08000b58        0x8 ./Core/Src/stm32f4xx_it.o
                0x08000b58                MemManage_Handler
 .text.BusFault_Handler
                0x08000b60        0x8 ./Core/Src/stm32f4xx_it.o
                0x08000b60                BusFault_Handler
 .text.UsageFault_Handler
                0x08000b68        0x8 ./Core/Src/stm32f4xx_it.o
                0x08000b68                UsageFault_Handler
 .text.SVC_Handler
                0x08000b70        0xe ./Core/Src/stm32f4xx_it.o
                0x08000b70                SVC_Handler
 .text.DebugMon_Handler
                0x08000b7e        0xe ./Core/Src/stm32f4xx_it.o
                0x08000b7e                DebugMon_Handler
 .text.PendSV_Handler
                0x08000b8c        0xe ./Core/Src/stm32f4xx_it.o
                0x08000b8c                PendSV_Handler
 .text.SysTick_Handler
                0x08000b9a        0xc ./Core/Src/stm32f4xx_it.o
                0x08000b9a                SysTick_Handler
 *fill*         0x08000ba6        0x2 
 .text.SystemInit
                0x08000ba8       0x24 ./Core/Src/system_stm32f4xx.o
                0x08000ba8                SystemInit
 .text.Reset_Handler
                0x08000bcc       0x50 ./Core/Startup/startup_stm32f401ccux.o
                0x08000bcc                Reset_Handler
 .text.Default_Handler
                0x08000c1c        0x2 ./Core/Startup/startup_stm32f401ccux.o
                0x08000c1c                RTC_Alarm_IRQHandler
                0x08000c1c                EXTI2_IRQHandler
                0x08000c1c                SPI4_IRQHandler
                0x08000c1c                TIM1_CC_IRQHandler
                0x08000c1c                DMA2_Stream5_IRQHandler
                0x08000c1c                DMA1_Stream5_IRQHandler
                0x08000c1c                PVD_IRQHandler
                0x08000c1c                SDIO_IRQHandler
                0x08000c1c                TAMP_STAMP_IRQHandler
                0x08000c1c                EXTI3_IRQHandler
                0x08000c1c                TIM1_UP_TIM10_IRQHandler
                0x08000c1c                I2C3_ER_IRQHandler
                0x08000c1c                EXTI0_IRQHandler
                0x08000c1c                I2C2_EV_IRQHandler
                0x08000c1c                DMA1_Stream2_IRQHandler
                0x08000c1c                FPU_IRQHandler
                0x08000c1c                DMA2_Stream2_IRQHandler
                0x08000c1c                SPI1_IRQHandler
                0x08000c1c                TIM1_BRK_TIM9_IRQHandler
                0x08000c1c                DMA2_Stream3_IRQHandler
                0x08000c1c                USART6_IRQHandler
                0x08000c1c                DMA2_Stream0_IRQHandler
                0x08000c1c                TIM4_IRQHandler
                0x08000c1c                I2C1_EV_IRQHandler
                0x08000c1c                DMA1_Stream6_IRQHandler
                0x08000c1c                DMA1_Stream1_IRQHandler
                0x08000c1c                TIM3_IRQHandler
                0x08000c1c                RCC_IRQHandler
                0x08000c1c                Default_Handler
                0x08000c1c                EXTI15_10_IRQHandler
                0x08000c1c                ADC_IRQHandler
                0x08000c1c                DMA1_Stream7_IRQHandler
                0x08000c1c                TIM5_IRQHandler
                0x08000c1c                DMA2_Stream7_IRQHandler
                0x08000c1c                I2C3_EV_IRQHandler
                0x08000c1c                EXTI9_5_IRQHandler
                0x08000c1c                RTC_WKUP_IRQHandler
                0x08000c1c                SPI2_IRQHandler
                0x08000c1c                DMA1_Stream0_IRQHandler
                0x08000c1c                EXTI4_IRQHandler
                0x08000c1c                WWDG_IRQHandler
                0x08000c1c                TIM2_IRQHandler
                0x08000c1c                OTG_FS_WKUP_IRQHandler
                0x08000c1c                TIM1_TRG_COM_TIM11_IRQHandler
                0x08000c1c                EXTI1_IRQHandler
                0x08000c1c                USART2_IRQHandler
                0x08000c1c                I2C2_ER_IRQHandler
                0x08000c1c                DMA2_Stream1_IRQHandler
                0x08000c1c                FLASH_IRQHandler
                0x08000c1c                DMA2_Stream4_IRQHandler
                0x08000c1c                USART1_IRQHandler
                0x08000c1c                OTG_FS_IRQHandler
                0x08000c1c                SPI3_IRQHandler
                0x08000c1c                DMA1_Stream4_IRQHandler
                0x08000c1c                I2C1_ER_IRQHandler
                0x08000c1c                DMA2_Stream6_IRQHandler
                0x08000c1c                DMA1_Stream3_IRQHandler
 *fill*         0x08000c1e        0x2 
 .text.HAL_Init
                0x08000c20       0x44 ./Drivers/STM32F4xx_HAL_Driver/Src/stm32f4xx_hal.o
                0x08000c20                HAL_Init
 .text.HAL_InitTick
                0x08000c64       0x60 ./Drivers/STM32F4xx_HAL_Driver/Src/stm32f4xx_hal.o
                0x08000c64                HAL_InitTick
 .text.HAL_IncTick
                0x08000cc4       0x28 ./Drivers/STM32F4xx_HAL_Driver/Src/stm32f4xx_hal.o
                0x08000cc4                HAL_IncTick
 .text.HAL_GetTick
                0x08000cec       0x18 ./Drivers/STM32F4xx_HAL_Driver/Src/stm32f4xx_hal.o
                0x08000cec                HAL_GetTick
 .text.HAL_Delay
                0x08000d04       0x48 ./Drivers/STM32F4xx_HAL_Driver/Src/stm32f4xx_hal.o
                0x08000d04                HAL_Delay
 .text.__NVIC_SetPriorityGrouping
                0x08000d4c       0x48 ./Drivers/STM32F4xx_HAL_Driver/Src/stm32f4xx_hal_cortex.o
 .text.__NVIC_GetPriorityGrouping
                0x08000d94       0x1c ./Drivers/STM32F4xx_HAL_Driver/Src/stm32f4xx_hal_cortex.o
 .text.__NVIC_SetPriority
                0x08000db0       0x54 ./Drivers/STM32F4xx_HAL_Driver/Src/stm32f4xx_hal_cortex.o
 .text.NVIC_EncodePriority
                0x08000e04       0x66 ./Drivers/STM32F4xx_HAL_Driver/Src/stm32f4xx_hal_cortex.o
 *fill*         0x08000e6a        0x2 
 .text.SysTick_Config
                0x08000e6c       0x44 ./Drivers/STM32F4xx_HAL_Driver/Src/stm32f4xx_hal_cortex.o
 .text.HAL_NVIC_SetPriorityGrouping
                0x08000eb0       0x40 ./Drivers/STM32F4xx_HAL_Driver/Src/stm32f4xx_hal_cortex.o
                0x08000eb0                HAL_NVIC_SetPriorityGrouping
 .text.HAL_NVIC_SetPriority
                0x08000ef0       0x58 ./Drivers/STM32F4xx_HAL_Driver/Src/stm32f4xx_hal_cortex.o
                0x08000ef0                HAL_NVIC_SetPriority
 .text.HAL_SYSTICK_Config
                0x08000f48       0x18 ./Drivers/STM32F4xx_HAL_Driver/Src/stm32f4xx_hal_cortex.o
                0x08000f48                HAL_SYSTICK_Config
 .text.HAL_GPIO_Init
                0x08000f60      0x524 ./Drivers/STM32F4xx_HAL_Driver/Src/stm32f4xx_hal_gpio.o
                0x08000f60                HAL_GPIO_Init
 .text.HAL_GPIO_WritePin
                0x08001484       0x58 ./Drivers/STM32F4xx_HAL_Driver/Src/stm32f4xx_hal_gpio.o
                0x08001484                HAL_GPIO_WritePin
 .text.HAL_GPIO_TogglePin
                0x080014dc       0x44 ./Drivers/STM32F4xx_HAL_Driver/Src/stm32f4xx_hal_gpio.o
                0x080014dc                HAL_GPIO_TogglePin
 .text.HAL_RCC_OscConfig
                0x08001520      0x650 ./Drivers/STM32F4xx_HAL_Driver/Src/stm32f4xx_hal_rcc.o
                0x08001520                HAL_RCC_OscConfig
 .text.HAL_RCC_ClockConfig
                0x08001b70      0x31c ./Drivers/STM32F4xx_HAL_Driver/Src/stm32f4xx_hal_rcc.o
                0x08001b70                HAL_RCC_ClockConfig
 .text.HAL_RCC_GetSysClockFreq
                0x08001e8c      0x18c ./Drivers/STM32F4xx_HAL_Driver/Src/stm32f4xx_hal_rcc.o
                0x08001e8c                HAL_RCC_GetSysClockFreq
 .text.HAL_RCC_GetHCLKFreq
                0x08002018       0x18 ./Drivers/STM32F4xx_HAL_Driver/Src/stm32f4xx_hal_rcc.o
                0x08002018                HAL_RCC_GetHCLKFreq
 .text.HAL_RCC_GetPCLK1Freq
                0x08002030       0x28 ./Drivers/STM32F4xx_HAL_Driver/Src/stm32f4xx_hal_rcc.o
                0x08002030                HAL_RCC_GetPCLK1Freq
 .text.HAL_RCC_GetPCLK2Freq
                0x08002058       0x28 ./Drivers/STM32F4xx_HAL_Driver/Src/stm32f4xx_hal_rcc.o
                0x08002058                HAL_RCC_GetPCLK2Freq
 .text.HAL_UART_Init
                0x08002080      0x16c ./Drivers/STM32F4xx_HAL_Driver/Src/stm32f4xx_hal_uart.o
                0x08002080                HAL_UART_Init
 .text.UART_SetConfig
                0x080021ec      0x574 ./Drivers/STM32F4xx_HAL_Driver/Src/stm32f4xx_hal_uart.o
 .text.HAL_SPI_Init
                0x08002760      0x328 ./Drivers/STM32F4xx_HAL_Driver/Src/stm32f4xx_hal_spi.o
                0x08002760                HAL_SPI_Init
 .text.HAL_SPI_TransmitReceive
                0x08002a88      0x35c ./Drivers/STM32F4xx_HAL_Driver/Src/stm32f4xx_hal_spi.o
                0x08002a88                HAL_SPI_TransmitReceive
 .text.SPI_WaitFlagStateUntilTimeout
                0x08002de4      0x110 ./Drivers/STM32F4xx_HAL_Driver/Src/stm32f4xx_hal_spi.o
 .text.SPI_EndRxTxTransaction
                0x08002ef4       0x84 ./Drivers/STM32F4xx_HAL_Driver/Src/stm32f4xx_hal_spi.o
 .text.ps2_init
                0x08002f78       0x34 ./ps2-dualshock-spi/ps2_dualshock_spi.o
                0x08002f78                ps2_init
 .text.ps2_configure
                0x08002fac      0x108 ./ps2-dualshock-spi/ps2_dualshock_spi.o
                0x08002fac                ps2_configure
 .text.ps2_small_motor
                0x080030b4       0x30 ./ps2-dualshock-spi/ps2_dualshock_spi.o
                0x080030b4                ps2_small_motor
 .text.ps2_large_motor
                0x080030e4       0x20 ./ps2-dualshock-spi/ps2_dualshock_spi.o
                0x080030e4                ps2_large_motor
 .text.ps2_main_exchange
                0x08003104       0x1a ./ps2-dualshock-spi/ps2_dualshock_spi.o
                0x08003104                ps2_main_exchange
 *fill*         0x0800311e        0x2 
 .text.ps2_main_exchange_with_config_freq
                0x08003120       0xac ./ps2-dualshock-spi/ps2_dualshock_spi.o
                0x08003120                ps2_main_exchange_with_config_freq
 .text.ps2_to_idle_state
                0x080031cc       0x34 ./ps2-dualshock-spi/ps2_dualshock_spi.o
 .text.ps2_any_button_pressed
                0x08003200       0x30 ./ps2-dualshock-spi/ps2_dualshock_spi.o
                0x08003200                ps2_any_button_pressed
 .text.ps2_buttons_idle
                0x08003230       0x26 ./ps2-dualshock-spi/ps2_dualshock_spi.o
                0x08003230                ps2_buttons_idle
 .text.ps2_sticks_idle
                0x08003256       0x3c ./ps2-dualshock-spi/ps2_dualshock_spi.o
                0x08003256                ps2_sticks_idle
 *fill*         0x08003292        0x2 
 .text.ps2_r_stick_up
                0x08003294       0x4c ./ps2-dualshock-spi/ps2_dualshock_spi.o
                0x08003294                ps2_r_stick_up
 .text.ps2_r_stick_down
                0x080032e0       0x48 ./ps2-dualshock-spi/ps2_dualshock_spi.o
                0x080032e0                ps2_r_stick_down
 .text.ps2_r_stick_left
                0x08003328       0x4c ./ps2-dualshock-spi/ps2_dualshock_spi.o
                0x08003328                ps2_r_stick_left
 .text.ps2_r_stick_right
                0x08003374       0x48 ./ps2-dualshock-spi/ps2_dualshock_spi.o
                0x08003374                ps2_r_stick_right
 .text.ps2_l_stick_up
                0x080033bc       0x4c ./ps2-dualshock-spi/ps2_dualshock_spi.o
                0x080033bc                ps2_l_stick_up
 .text.ps2_l_stick_down
                0x08003408       0x48 ./ps2-dualshock-spi/ps2_dualshock_spi.o
                0x08003408                ps2_l_stick_down
 .text.ps2_l_stick_left
                0x08003450       0x4c ./ps2-dualshock-spi/ps2_dualshock_spi.o
                0x08003450                ps2_l_stick_left
 .text.ps2_l_stick_right
                0x0800349c       0x48 ./ps2-dualshock-spi/ps2_dualshock_spi.o
                0x0800349c                ps2_l_stick_right
 .text.__libc_init_array
                0x080034e4       0x48 /home/thevioletsun/arm-gnu-toolchain/bin/../lib/gcc/arm-none-eabi/13.3.1/../../../../arm-none-eabi/lib/thumb/v7e-m+fp/hard/libc_nano.a(libc_a-init.o)
                0x080034e4                __libc_init_array
 .text.memset   0x0800352c       0x10 /home/thevioletsun/arm-gnu-toolchain/bin/../lib/gcc/arm-none-eabi/13.3.1/../../../../arm-none-eabi/lib/thumb/v7e-m+fp/hard/libc_nano.a(libc_a-memset.o)
                0x0800352c                memset
 .text.__udivmoddi4
                0x0800353c      0x2bc /home/thevioletsun/arm-gnu-toolchain/bin/../lib/gcc/arm-none-eabi/13.3.1/thumb/v7e-m+fp/hard/libgcc.a(_udivmoddi4.o)
                0x0800353c                __udivmoddi4
 *(.glue_7)
 .glue_7        0x080037f8        0x0 linker stubs
 *(.glue_7t)
 .glue_7t       0x080037f8        0x0 linker stubs
 *(.eh_frame)
 .eh_frame      0x080037f8        0x0 /home/thevioletsun/arm-gnu-toolchain/bin/../lib/gcc/arm-none-eabi/13.3.1/thumb/v7e-m+fp/hard/crtbegin.o
 *(.init)
 .init          0x080037f8        0x4 /home/thevioletsun/arm-gnu-toolchain/bin/../lib/gcc/arm-none-eabi/13.3.1/thumb/v7e-m+fp/hard/crti.o
                0x080037f8                _init
 .init          0x080037fc        0x8 /home/thevioletsun/arm-gnu-toolchain/bin/../lib/gcc/arm-none-eabi/13.3.1/thumb/v7e-m+fp/hard/crtn.o
 *(.fini)
 .fini          0x08003804        0x4 /home/thevioletsun/arm-gnu-toolchain/bin/../lib/gcc/arm-none-eabi/13.3.1/thumb/v7e-m+fp/hard/crti.o
                0x08003804                _fini
 .fini          0x08003808        0x8 /home/thevioletsun/arm-gnu-toolchain/bin/../lib/gcc/arm-none-eabi/13.3.1/thumb/v7e-m+fp/hard/crtn.o
                0x08003810                        . = ALIGN (0x4)
                0x08003810                        _etext = .

.vfp11_veneer   0x08003810        0x0
 .vfp11_veneer  0x08003810        0x0 linker stubs

.v4_bx          0x08003810        0x0
 .v4_bx         0x08003810        0x0 linker stubs

.iplt           0x08003810        0x0
 .iplt          0x08003810        0x0 /home/thevioletsun/arm-gnu-toolchain/bin/../lib/gcc/arm-none-eabi/13.3.1/thumb/v7e-m+fp/hard/crtbegin.o

.rodata         0x08003810      0x290
                0x08003810                        . = ALIGN (0x4)
 *(.rodata)
 .rodata        0x08003810      0x154 ./Core/Src/main.o
 .rodata        0x08003964       0x3b ./Drivers/STM32F4xx_HAL_Driver/Src/stm32f4xx_hal_cortex.o
 *fill*         0x0800399f        0x1 
 .rodata        0x080039a0       0x39 ./Drivers/STM32F4xx_HAL_Driver/Src/stm32f4xx_hal_gpio.o
 *fill*         0x080039d9        0x3 
 .rodata        0x080039dc       0x38 ./Drivers/STM32F4xx_HAL_Driver/Src/stm32f4xx_hal_rcc.o
 .rodata        0x08003a14       0x39 ./Drivers/STM32F4xx_HAL_Driver/Src/stm32f4xx_hal_uart.o
 *fill*         0x08003a4d        0x3 
 .rodata        0x08003a50       0x38 ./Drivers/STM32F4xx_HAL_Driver/Src/stm32f4xx_hal_spi.o
 *(.rodata*)
 .rodata.AHBPrescTable
                0x08003a88       0x10 ./Core/Src/system_stm32f4xx.o
                0x08003a88                AHBPrescTable
 .rodata.APBPrescTable
                0x08003a98        0x8 ./Core/Src/system_stm32f4xx.o
                0x08003a98                APBPrescTable
                0x08003aa0                        . = ALIGN (0x4)

.ARM.extab      0x08003aa0        0x0
                0x08003aa0                        . = ALIGN (0x4)
 *(.ARM.extab* .gnu.linkonce.armextab.*)
                0x08003aa0                        . = ALIGN (0x4)

.ARM            0x08003aa0        0x8
                0x08003aa0                        . = ALIGN (0x4)
                0x08003aa0                        __exidx_start = .
 *(.ARM.exidx*)
 .ARM.exidx.text.__udivmoddi4
                0x08003aa0        0x8 /home/thevioletsun/arm-gnu-toolchain/bin/../lib/gcc/arm-none-eabi/13.3.1/thumb/v7e-m+fp/hard/libgcc.a(_udivmoddi4.o)
                0x08003aa8                        __exidx_end = .
                0x08003aa8                        . = ALIGN (0x4)

.rel.dyn        0x08003aa8        0x0
 .rel.iplt      0x08003aa8        0x0 /home/thevioletsun/arm-gnu-toolchain/bin/../lib/gcc/arm-none-eabi/13.3.1/thumb/v7e-m+fp/hard/crtbegin.o

.preinit_array  0x08003aa8        0x0
                0x08003aa8                        . = ALIGN (0x4)
                0x08003aa8                        PROVIDE (__preinit_array_start = .)
 *(.preinit_array*)
                0x08003aa8                        PROVIDE (__preinit_array_end = .)
                0x08003aa8                        . = ALIGN (0x4)

.init_array     0x08003aa8        0x4
                0x08003aa8                        . = ALIGN (0x4)
                0x08003aa8                        PROVIDE (__init_array_start = .)
 *(SORT_BY_NAME(.init_array.*))
 *(.init_array*)
 .init_array    0x08003aa8        0x4 /home/thevioletsun/arm-gnu-toolchain/bin/../lib/gcc/arm-none-eabi/13.3.1/thumb/v7e-m+fp/hard/crtbegin.o
                0x08003aac                        PROVIDE (__init_array_end = .)
                0x08003aac                        . = ALIGN (0x4)

.fini_array     0x08003aac        0x4
                0x08003aac                        . = ALIGN (0x4)
                [!provide]                        PROVIDE (__fini_array_start = .)
 *(SORT_BY_NAME(.fini_array.*))
 *(.fini_array*)
 .fini_array    0x08003aac        0x4 /home/thevioletsun/arm-gnu-toolchain/bin/../lib/gcc/arm-none-eabi/13.3.1/thumb/v7e-m+fp/hard/crtbegin.o
                [!provide]                        PROVIDE (__fini_array_end = .)
                0x08003ab0                        . = ALIGN (0x4)
                0x08003ab0                        _sidata = LOADADDR (.data)

.data           0x20000000       0x50 load address 0x08003ab0
                0x20000000                        . = ALIGN (0x4)
                0x20000000                        _sdata = .
 *(.data)
 *(.data*)
 .data.SystemCoreClock
                0x20000000        0x4 ./Core/Src/system_stm32f4xx.o
                0x20000000                SystemCoreClock
 .data.uwTickPrio
                0x20000004        0x4 ./Drivers/STM32F4xx_HAL_Driver/Src/stm32f4xx_hal.o
                0x20000004                uwTickPrio
 .data.uwTickFreq
                0x20000008        0x1 ./Drivers/STM32F4xx_HAL_Driver/Src/stm32f4xx_hal.o
                0x20000008                uwTickFreq
 *fill*         0x20000009        0x3 
 .data.MAIN_EXCHANGE_TX
                0x2000000c       0x15 ./ps2-dualshock-spi/ps2_dualshock_spi.o
                0x2000000c                MAIN_EXCHANGE_TX
 *fill*         0x20000021        0x3 
 .data.ENTER_CONFIG_MODE_TX
                0x20000024        0x5 ./ps2-dualshock-spi/ps2_dualshock_spi.o
                0x20000024                ENTER_CONFIG_MODE_TX
 *fill*         0x20000029        0x3 
 .data.ENABLE_ANALOG_MODE_TX
                0x2000002c        0x9 ./ps2-dualshock-spi/ps2_dualshock_spi.o
                0x2000002c                ENABLE_ANALOG_MODE_TX
 *fill*         0x20000035        0x3 
 .data.TURN_ON_MOTORS_TX
                0x20000038        0x9 ./ps2-dualshock-spi/ps2_dualshock_spi.o
                0x20000038                TURN_ON_MOTORS_TX
 *fill*         0x20000041        0x3 
 .data.EXIT_CONFIG_MODE_TX
                0x20000044        0x9 ./ps2-dualshock-spi/ps2_dualshock_spi.o
                0x20000044                EXIT_CONFIG_MODE_TX
 *(.RamFunc)
 *(.RamFunc*)
                0x20000050                        . = ALIGN (0x4)
 *fill*         0x2000004d        0x3 
                0x20000050                        _edata = .

.tm_clone_table
                0x20000050        0x0 load address 0x08003b00
 .tm_clone_table
                0x20000050        0x0 /home/thevioletsun/arm-gnu-toolchain/bin/../lib/gcc/arm-none-eabi/13.3.1/thumb/v7e-m+fp/hard/crtbegin.o
 .tm_clone_table
                0x20000050        0x0 /home/thevioletsun/arm-gnu-toolchain/bin/../lib/gcc/arm-none-eabi/13.3.1/thumb/v7e-m+fp/hard/crtend.o

.igot.plt       0x20000050        0x0 load address 0x08003b00
 .igot.plt      0x20000050        0x0 /home/thevioletsun/arm-gnu-toolchain/bin/../lib/gcc/arm-none-eabi/13.3.1/thumb/v7e-m+fp/hard/crtbegin.o
                0x20000050                        . = ALIGN (0x4)

.bss            0x20000050       0x90 load address 0x08003b00
                0x20000050                        _sbss = .
                0x20000050                        __bss_start__ = _sbss
 *(.bss)
 *(.bss*)
 .bss.completed.1
                0x20000050        0x1 /home/thevioletsun/arm-gnu-toolchain/bin/../lib/gcc/arm-none-eabi/13.3.1/thumb/v7e-m+fp/hard/crtbegin.o
 *fill*         0x20000051        0x3 
 .bss.object.0  0x20000054       0x18 /home/thevioletsun/arm-gnu-toolchain/bin/../lib/gcc/arm-none-eabi/13.3.1/thumb/v7e-m+fp/hard/crtbegin.o
 .bss.spi_h     0x2000006c       0x58 ./Core/Src/main.o
                0x2000006c                spi_h
 .bss.ps2_dev   0x200000c4       0x14 ./Core/Src/main.o
                0x200000c4                ps2_dev
 .bss.uwTick    0x200000d8        0x4 ./Drivers/STM32F4xx_HAL_Driver/Src/stm32f4xx_hal.o
                0x200000d8                uwTick
 .bss.exchange_counter
                0x200000dc        0x4 ./ps2-dualshock-spi/ps2_dualshock_spi.o
                0x200000dc                exchange_counter
 *(COMMON)
                0x200000e0                        . = ALIGN (0x4)
                0x200000e0                        _ebss = .
                0x200000e0                        __bss_end__ = _ebss

._user_heap_stack
                0x200000e0      0x600 load address 0x08003b00
                0x200000e0                        . = ALIGN (0x8)
                [!provide]                        PROVIDE (end = .)
                0x200000e0                        PROVIDE (_end = .)
                0x200002e0                        . = (. + _Min_Heap_Size)
 *fill*         0x200000e0      0x200 
                0x200006e0                        . = (. + _Min_Stack_Size)
 *fill*         0x200002e0      0x400 
                0x200006e0                        . = ALIGN (0x8)

/DISCARD/
 libc.a(*)
 libm.a(*)
 libgcc.a(*)

.ARM.attributes
                0x00000000       0x30
 *(.ARM.attributes)
 .ARM.attributes
                0x00000000       0x22 /home/thevioletsun/arm-gnu-toolchain/bin/../lib/gcc/arm-none-eabi/13.3.1/thumb/v7e-m+fp/hard/crti.o
 .ARM.attributes
                0x00000022       0x34 /home/thevioletsun/arm-gnu-toolchain/bin/../lib/gcc/arm-none-eabi/13.3.1/thumb/v7e-m+fp/hard/crtbegin.o
 .ARM.attributes
                0x00000056       0x34 ./Core/Src/main.o
 .ARM.attributes
                0x0000008a       0x34 ./Core/Src/porting_spi.o
 .ARM.attributes
                0x000000be       0x34 ./Core/Src/stm32f4xx_hal_msp.o
 .ARM.attributes
                0x000000f2       0x34 ./Core/Src/stm32f4xx_it.o
 .ARM.attributes
                0x00000126       0x34 ./Core/Src/system_stm32f4xx.o
 .ARM.attributes
                0x0000015a       0x21 ./Core/Startup/startup_stm32f401ccux.o
 .ARM.attributes
                0x0000017b       0x34 ./Drivers/STM32F4xx_HAL_Driver/Src/stm32f4xx_hal.o
 .ARM.attributes
                0x000001af       0x34 ./Drivers/STM32F4xx_HAL_Driver/Src/stm32f4xx_hal_cortex.o
 .ARM.attributes
                0x000001e3       0x34 ./Drivers/STM32F4xx_HAL_Driver/Src/stm32f4xx_hal_gpio.o
 .ARM.attributes
                0x00000217       0x34 ./Drivers/STM32F4xx_HAL_Driver/Src/stm32f4xx_hal_rcc.o
 .ARM.attributes
                0x0000024b       0x34 ./Drivers/STM32F4xx_HAL_Driver/Src/stm32f4xx_hal_uart.o
 .ARM.attributes
                0x0000027f       0x34 ./Drivers/STM32F4xx_HAL_Driver/Src/stm32f4xx_hal_spi.o
 .ARM.attributes
                0x000002b3       0x34 ./ps2-dualshock-spi/ps2_dualshock_spi.o
 .ARM.attributes
                0x000002e7       0x34 /home/thevioletsun/arm-gnu-toolchain/bin/../lib/gcc/arm-none-eabi/13.3.1/../../../../arm-none-eabi/lib/thumb/v7e-m+fp/hard/libc_nano.a(libc_a-init.o)
 .ARM.attributes
                0x0000031b       0x34 /home/thevioletsun/arm-gnu-toolchain/bin/../lib/gcc/arm-none-eabi/13.3.1/../../../../arm-none-eabi/lib/thumb/v7e-m+fp/hard/libc_nano.a(libc_a-memset.o)
 .ARM.attributes
                0x0000034f       0x22 /home/thevioletsun/arm-gnu-toolchain/bin/../lib/gcc/arm-none-eabi/13.3.1/thumb/v7e-m+fp/hard/libgcc.a(_aeabi_uldivmod.o)
 .ARM.attributes
                0x00000371       0x34 /home/thevioletsun/arm-gnu-toolchain/bin/../lib/gcc/arm-none-eabi/13.3.1/thumb/v7e-m+fp/hard/libgcc.a(_udivmoddi4.o)
 .ARM.attributes
                0x000003a5       0x22 /home/thevioletsun/arm-gnu-toolchain/bin/../lib/gcc/arm-none-eabi/13.3.1/thumb/v7e-m+fp/hard/libgcc.a(_dvmd_tls.o)
 .ARM.attributes
                0x000003c7       0x34 /home/thevioletsun/arm-gnu-toolchain/bin/../lib/gcc/arm-none-eabi/13.3.1/thumb/v7e-m+fp/hard/crtend.o
 .ARM.attributes
                0x000003fb       0x22 /home/thevioletsun/arm-gnu-toolchain/bin/../lib/gcc/arm-none-eabi/13.3.1/thumb/v7e-m+fp/hard/crtn.o
OUTPUT(stm32f401-ps2-dualshock-debug.elf elf32-littlearm)
LOAD linker stubs
LOAD /home/thevioletsun/arm-gnu-toolchain/bin/../lib/gcc/arm-none-eabi/13.3.1/../../../../arm-none-eabi/lib/thumb/v7e-m+fp/hard/libc.a
LOAD /home/thevioletsun/arm-gnu-toolchain/bin/../lib/gcc/arm-none-eabi/13.3.1/../../../../arm-none-eabi/lib/thumb/v7e-m+fp/hard/libm.a
LOAD /home/thevioletsun/arm-gnu-toolchain/bin/../lib/gcc/arm-none-eabi/13.3.1/thumb/v7e-m+fp/hard/libgcc.a

.debug_info     0x00000000     0x9e65
 .debug_info    0x00000000     0x1293 ./Core/Src/main.o
 .debug_info    0x00001293      0x7a7 ./Core/Src/porting_spi.o
 .debug_info    0x00001a3a      0xbcb ./Core/Src/stm32f4xx_hal_msp.o
 .debug_info    0x00002605      0x112 ./Core/Src/stm32f4xx_it.o
 .debug_info    0x00002717      0x53e ./Core/Src/system_stm32f4xx.o
 .debug_info    0x00002c55       0x30 ./Core/Startup/startup_stm32f401ccux.o
 .debug_info    0x00002c85      0x8f5 ./Drivers/STM32F4xx_HAL_Driver/Src/stm32f4xx_hal.o
 .debug_info    0x0000357a      0xce5 ./Drivers/STM32F4xx_HAL_Driver/Src/stm32f4xx_hal_cortex.o
 .debug_info    0x0000425f      0x712 ./Drivers/STM32F4xx_HAL_Driver/Src/stm32f4xx_hal_gpio.o
 .debug_info    0x00004971      0x910 ./Drivers/STM32F4xx_HAL_Driver/Src/stm32f4xx_hal_rcc.o
 .debug_info    0x00005281     0x2fd4 ./Drivers/STM32F4xx_HAL_Driver/Src/stm32f4xx_hal_uart.o
 .debug_info    0x00008255     0x161c ./Drivers/STM32F4xx_HAL_Driver/Src/stm32f4xx_hal_spi.o
 .debug_info    0x00009871      0x5f4 ./ps2-dualshock-spi/ps2_dualshock_spi.o

.debug_abbrev   0x00000000     0x19a6
 .debug_abbrev  0x00000000      0x2aa ./Core/Src/main.o
 .debug_abbrev  0x000002aa      0x19a ./Core/Src/porting_spi.o
 .debug_abbrev  0x00000444      0x1ac ./Core/Src/stm32f4xx_hal_msp.o
 .debug_abbrev  0x000005f0       0x73 ./Core/Src/stm32f4xx_it.o
 .debug_abbrev  0x00000663      0x11a ./Core/Src/system_stm32f4xx.o
 .debug_abbrev  0x0000077d       0x24 ./Core/Startup/startup_stm32f401ccux.o
 .debug_abbrev  0x000007a1      0x252 ./Drivers/STM32F4xx_HAL_Driver/Src/stm32f4xx_hal.o
 .debug_abbrev  0x000009f3      0x343 ./Drivers/STM32F4xx_HAL_Driver/Src/stm32f4xx_hal_cortex.o
 .debug_abbrev  0x00000d36      0x1f0 ./Drivers/STM32F4xx_HAL_Driver/Src/stm32f4xx_hal_gpio.o
 .debug_abbrev  0x00000f26      0x2ca ./Drivers/STM32F4xx_HAL_Driver/Src/stm32f4xx_hal_rcc.o
 .debug_abbrev  0x000011f0      0x330 ./Drivers/STM32F4xx_HAL_Driver/Src/stm32f4xx_hal_uart.o
 .debug_abbrev  0x00001520      0x295 ./Drivers/STM32F4xx_HAL_Driver/Src/stm32f4xx_hal_spi.o
 .debug_abbrev  0x000017b5      0x1f1 ./ps2-dualshock-spi/ps2_dualshock_spi.o

.debug_aranges  0x00000000      0x8c0
 .debug_aranges
                0x00000000       0x48 ./Core/Src/main.o
 .debug_aranges
                0x00000048       0x28 ./Core/Src/porting_spi.o
 .debug_aranges
                0x00000070       0x38 ./Core/Src/stm32f4xx_hal_msp.o
 .debug_aranges
                0x000000a8       0x60 ./Core/Src/stm32f4xx_it.o
 .debug_aranges
                0x00000108       0x28 ./Core/Src/system_stm32f4xx.o
 .debug_aranges
                0x00000130       0x28 ./Core/Startup/startup_stm32f401ccux.o
 .debug_aranges
                0x00000158       0xf0 ./Drivers/STM32F4xx_HAL_Driver/Src/stm32f4xx_hal.o
 .debug_aranges
                0x00000248      0x118 ./Drivers/STM32F4xx_HAL_Driver/Src/stm32f4xx_hal_cortex.o
 .debug_aranges
                0x00000360       0x58 ./Drivers/STM32F4xx_HAL_Driver/Src/stm32f4xx_hal_gpio.o
 .debug_aranges
                0x000003b8       0x88 ./Drivers/STM32F4xx_HAL_Driver/Src/stm32f4xx_hal_rcc.o
 .debug_aranges
                0x00000440      0x200 ./Drivers/STM32F4xx_HAL_Driver/Src/stm32f4xx_hal_uart.o
 .debug_aranges
                0x00000640      0x1d0 ./Drivers/STM32F4xx_HAL_Driver/Src/stm32f4xx_hal_spi.o
 .debug_aranges
                0x00000810       0xb0 ./ps2-dualshock-spi/ps2_dualshock_spi.o

.debug_rnglists
                0x00000000      0x6b7
 .debug_rnglists
                0x00000000       0x33 ./Core/Src/main.o
 .debug_rnglists
                0x00000033       0x19 ./Core/Src/porting_spi.o
 .debug_rnglists
                0x0000004c       0x27 ./Core/Src/stm32f4xx_hal_msp.o
 .debug_rnglists
                0x00000073       0x43 ./Core/Src/stm32f4xx_it.o
 .debug_rnglists
                0x000000b6       0x1a ./Core/Src/system_stm32f4xx.o
 .debug_rnglists
                0x000000d0       0x19 ./Core/Startup/startup_stm32f401ccux.o
 .debug_rnglists
                0x000000e9       0xaf ./Drivers/STM32F4xx_HAL_Driver/Src/stm32f4xx_hal.o
 .debug_rnglists
                0x00000198       0xce ./Drivers/STM32F4xx_HAL_Driver/Src/stm32f4xx_hal_cortex.o
 .debug_rnglists
                0x00000266       0x3f ./Drivers/STM32F4xx_HAL_Driver/Src/stm32f4xx_hal_gpio.o
 .debug_rnglists
                0x000002a5       0x66 ./Drivers/STM32F4xx_HAL_Driver/Src/stm32f4xx_hal_rcc.o
 .debug_rnglists
                0x0000030b      0x1bb ./Drivers/STM32F4xx_HAL_Driver/Src/stm32f4xx_hal_uart.o
 .debug_rnglists
                0x000004c6      0x170 ./Drivers/STM32F4xx_HAL_Driver/Src/stm32f4xx_hal_spi.o
 .debug_rnglists
                0x00000636       0x81 ./ps2-dualshock-spi/ps2_dualshock_spi.o

.debug_macro    0x00000000    0x15f7f
 .debug_macro   0x00000000      0x2c4 ./Core/Src/main.o
 .debug_macro   0x000002c4      0xad8 ./Core/Src/main.o
 .debug_macro   0x00000d9c       0x22 ./Core/Src/main.o
 .debug_macro   0x00000dbe       0x5b ./Core/Src/main.o
 .debug_macro   0x00000e19       0x2a ./Core/Src/main.o
 .debug_macro   0x00000e43       0x94 ./Core/Src/main.o
 .debug_macro   0x00000ed7       0x43 ./Core/Src/main.o
 .debug_macro   0x00000f1a       0x34 ./Core/Src/main.o
 .debug_macro   0x00000f4e       0x16 ./Core/Src/main.o
 .debug_macro   0x00000f64       0x57 ./Core/Src/main.o
 .debug_macro   0x00000fbb       0x9e ./Core/Src/main.o
 .debug_macro   0x00001059      0x370 ./Core/Src/main.o
 .debug_macro   0x000013c9      0x112 ./Core/Src/main.o
 .debug_macro   0x000014db       0x10 ./Core/Src/main.o
 .debug_macro   0x000014eb       0x16 ./Core/Src/main.o
 .debug_macro   0x00001501       0x4a ./Core/Src/main.o
 .debug_macro   0x0000154b       0x34 ./Core/Src/main.o
 .debug_macro   0x0000157f       0x10 ./Core/Src/main.o
 .debug_macro   0x0000158f       0x58 ./Core/Src/main.o
 .debug_macro   0x000015e7       0x8e ./Core/Src/main.o
 .debug_macro   0x00001675       0x1c ./Core/Src/main.o
 .debug_macro   0x00001691      0x185 ./Core/Src/main.o
 .debug_macro   0x00001816       0x16 ./Core/Src/main.o
 .debug_macro   0x0000182c       0x16 ./Core/Src/main.o
 .debug_macro   0x00001842      0x146 ./Core/Src/main.o
 .debug_macro   0x00001988       0x3a ./Core/Src/main.o
 .debug_macro   0x000019c2      0x2a2 ./Core/Src/main.o
 .debug_macro   0x00001c64       0x2e ./Core/Src/main.o
 .debug_macro   0x00001c92       0x28 ./Core/Src/main.o
 .debug_macro   0x00001cba      0x103 ./Core/Src/main.o
 .debug_macro   0x00001dbd       0x6a ./Core/Src/main.o
 .debug_macro   0x00001e27      0x1df ./Core/Src/main.o
 .debug_macro   0x00002006       0x1c ./Core/Src/main.o
 .debug_macro   0x00002022       0x22 ./Core/Src/main.o
 .debug_macro   0x00002044       0xd9 ./Core/Src/main.o
 .debug_macro   0x0000211d     0x102d ./Core/Src/main.o
 .debug_macro   0x0000314a      0x11f ./Core/Src/main.o
 .debug_macro   0x00003269     0xb86c ./Core/Src/main.o
 .debug_macro   0x0000ead5       0x6d ./Core/Src/main.o
 .debug_macro   0x0000eb42     0x367e ./Core/Src/main.o
 .debug_macro   0x000121c0       0x56 ./Core/Src/main.o
 .debug_macro   0x00012216      0x416 ./Core/Src/main.o
 .debug_macro   0x0001262c      0x9fe ./Core/Src/main.o
 .debug_macro   0x0001302a      0x115 ./Core/Src/main.o
 .debug_macro   0x0001313f       0xf8 ./Core/Src/main.o
 .debug_macro   0x00013237       0xa5 ./Core/Src/main.o
 .debug_macro   0x000132dc      0x15f ./Core/Src/main.o
 .debug_macro   0x0001343b      0x287 ./Core/Src/main.o
 .debug_macro   0x000136c2       0x5f ./Core/Src/main.o
 .debug_macro   0x00013721      0x236 ./Core/Src/main.o
 .debug_macro   0x00013957      0x132 ./Core/Src/main.o
 .debug_macro   0x00013a89      0x23a ./Core/Src/main.o
 .debug_macro   0x00013cc3       0x2e ./Core/Src/main.o
 .debug_macro   0x00013cf1      0x11a ./Core/Src/main.o
 .debug_macro   0x00013e0b       0x85 ./Core/Src/main.o
 .debug_macro   0x00013e90       0x89 ./Core/Src/main.o
 .debug_macro   0x00013f19      0x225 ./Core/Src/main.o
 .debug_macro   0x0001413e      0x295 ./Core/Src/main.o
 .debug_macro   0x000143d3      0x126 ./Core/Src/main.o
 .debug_macro   0x000144f9       0x22 ./Core/Src/main.o
 .debug_macro   0x0001451b       0x10 ./Core/Src/main.o
 .debug_macro   0x0001452b       0x64 ./Core/Src/main.o
 .debug_macro   0x0001458f      0x318 ./Core/Src/porting_spi.o
 .debug_macro   0x000148a7      0x190 ./Core/Src/porting_spi.o
 .debug_macro   0x00014a37       0x10 ./Core/Src/porting_spi.o
 .debug_macro   0x00014a47       0x3c ./Core/Src/porting_spi.o
 .debug_macro   0x00014a83       0x1c ./Core/Src/porting_spi.o
 .debug_macro   0x00014a9f       0x1c ./Core/Src/porting_spi.o
 .debug_macro   0x00014abb       0x16 ./Core/Src/porting_spi.o
 .debug_macro   0x00014ad1       0x16 ./Core/Src/porting_spi.o
 .debug_macro   0x00014ae7       0x29 ./Core/Src/porting_spi.o
 .debug_macro   0x00014b10       0x4c ./Core/Src/porting_spi.o
 .debug_macro   0x00014b5c      0x19b ./Core/Src/porting_spi.o
 .debug_macro   0x00014cf7      0x1cd ./Core/Src/stm32f4xx_hal_msp.o
 .debug_macro   0x00014ec4       0x8e ./Core/Src/stm32f4xx_hal_msp.o
 .debug_macro   0x00014f52       0x51 ./Core/Src/stm32f4xx_hal_msp.o
 .debug_macro   0x00014fa3       0x5c ./Core/Src/stm32f4xx_hal_msp.o
 .debug_macro   0x00014fff      0x1d7 ./Core/Src/stm32f4xx_it.o
 .debug_macro   0x000151d6      0x1c4 ./Core/Src/system_stm32f4xx.o
 .debug_macro   0x0001539a      0x224 ./Drivers/STM32F4xx_HAL_Driver/Src/stm32f4xx_hal.o
 .debug_macro   0x000155be      0x1c4 ./Drivers/STM32F4xx_HAL_Driver/Src/stm32f4xx_hal_cortex.o
 .debug_macro   0x00015782      0x1ca ./Drivers/STM32F4xx_HAL_Driver/Src/stm32f4xx_hal_gpio.o
 .debug_macro   0x0001594c      0x1e8 ./Drivers/STM32F4xx_HAL_Driver/Src/stm32f4xx_hal_rcc.o
 .debug_macro   0x00015b34      0x1c5 ./Drivers/STM32F4xx_HAL_Driver/Src/stm32f4xx_hal_uart.o
 .debug_macro   0x00015cf9      0x1d3 ./Drivers/STM32F4xx_HAL_Driver/Src/stm32f4xx_hal_spi.o
 .debug_macro   0x00015ecc       0xb3 ./ps2-dualshock-spi/ps2_dualshock_spi.o

.debug_line     0x00000000     0x92e5
 .debug_line    0x00000000      0x84b ./Core/Src/main.o
 .debug_line    0x0000084b      0x676 ./Core/Src/porting_spi.o
 .debug_line    0x00000ec1      0x563 ./Core/Src/stm32f4xx_hal_msp.o
 .debug_line    0x00001424      0x58c ./Core/Src/stm32f4xx_it.o
 .debug_line    0x000019b0      0x562 ./Core/Src/system_stm32f4xx.o
 .debug_line    0x00001f12       0x7a ./Core/Startup/startup_stm32f401ccux.o
 .debug_line    0x00001f8c      0x7e3 ./Drivers/STM32F4xx_HAL_Driver/Src/stm32f4xx_hal.o
 .debug_line    0x0000276f      0xc1f ./Drivers/STM32F4xx_HAL_Driver/Src/stm32f4xx_hal_cortex.o
 .debug_line    0x0000338e      0xa6d ./Drivers/STM32F4xx_HAL_Driver/Src/stm32f4xx_hal_gpio.o
 .debug_line    0x00003dfb      0xd7e ./Drivers/STM32F4xx_HAL_Driver/Src/stm32f4xx_hal_rcc.o
 .debug_line    0x00004b79     0x2519 ./Drivers/STM32F4xx_HAL_Driver/Src/stm32f4xx_hal_uart.o
 .debug_line    0x00007092     0x1c4e ./Drivers/STM32F4xx_HAL_Driver/Src/stm32f4xx_hal_spi.o
 .debug_line    0x00008ce0      0x605 ./ps2-dualshock-spi/ps2_dualshock_spi.o

.debug_str      0x00000000    0x870ae
 .debug_str     0x00000000    0x870ae ./Core/Src/main.o
                              0x849cf (size before relaxing)
 .debug_str     0x000870ae    0x84b45 ./Core/Src/porting_spi.o
 .debug_str     0x000870ae    0x80bcf ./Core/Src/stm32f4xx_hal_msp.o
 .debug_str     0x000870ae    0x804ae ./Core/Src/stm32f4xx_it.o
 .debug_str     0x000870ae    0x8052c ./Core/Src/system_stm32f4xx.o
 .debug_str     0x000870ae       0x7e ./Core/Startup/startup_stm32f401ccux.o
 .debug_str     0x000870ae    0x80f6e ./Drivers/STM32F4xx_HAL_Driver/Src/stm32f4xx_hal.o
 .debug_str     0x000870ae    0x80c91 ./Drivers/STM32F4xx_HAL_Driver/Src/stm32f4xx_hal_cortex.o
 .debug_str     0x000870ae    0x806b5 ./Drivers/STM32F4xx_HAL_Driver/Src/stm32f4xx_hal_gpio.o
 .debug_str     0x000870ae    0x8096e ./Drivers/STM32F4xx_HAL_Driver/Src/stm32f4xx_hal_rcc.o
 .debug_str     0x000870ae    0x80efb ./Drivers/STM32F4xx_HAL_Driver/Src/stm32f4xx_hal_uart.o
 .debug_str     0x000870ae    0x80dec ./Drivers/STM32F4xx_HAL_Driver/Src/stm32f4xx_hal_spi.o
 .debug_str     0x000870ae     0x464c ./ps2-dualshock-spi/ps2_dualshock_spi.o

.comment        0x00000000       0x45
 .comment       0x00000000       0x45 ./Core/Src/main.o
                                 0x46 (size before relaxing)
 .comment       0x00000045       0x46 ./Core/Src/porting_spi.o
 .comment       0x00000045       0x46 ./Core/Src/stm32f4xx_hal_msp.o
 .comment       0x00000045       0x46 ./Core/Src/stm32f4xx_it.o
 .comment       0x00000045       0x46 ./Core/Src/system_stm32f4xx.o
 .comment       0x00000045       0x46 ./Drivers/STM32F4xx_HAL_Driver/Src/stm32f4xx_hal.o
 .comment       0x00000045       0x46 ./Drivers/STM32F4xx_HAL_Driver/Src/stm32f4xx_hal_cortex.o
 .comment       0x00000045       0x46 ./Drivers/STM32F4xx_HAL_Driver/Src/stm32f4xx_hal_gpio.o
 .comment       0x00000045       0x46 ./Drivers/STM32F4xx_HAL_Driver/Src/stm32f4xx_hal_rcc.o
 .comment       0x00000045       0x46 ./Drivers/STM32F4xx_HAL_Driver/Src/stm32f4xx_hal_uart.o
 .comment       0x00000045       0x46 ./Drivers/STM32F4xx_HAL_Driver/Src/stm32f4xx_hal_spi.o
 .comment       0x00000045       0x46 ./ps2-dualshock-spi/ps2_dualshock_spi.o

.debug_frame    0x00000000     0x235c
 .debug_frame   0x00000000       0xdc ./Core/Src/main.o
 .debug_frame   0x000000dc       0x58 ./Core/Src/porting_spi.o
 .debug_frame   0x00000134       0xa4 ./Core/Src/stm32f4xx_hal_msp.o
 .debug_frame   0x000001d8      0x104 ./Core/Src/stm32f4xx_it.o
 .debug_frame   0x000002dc       0x58 ./Core/Src/system_stm32f4xx.o
 .debug_frame   0x00000334      0x374 ./Drivers/STM32F4xx_HAL_Driver/Src/stm32f4xx_hal.o
 .debug_frame   0x000006a8      0x494 ./Drivers/STM32F4xx_HAL_Driver/Src/stm32f4xx_hal_cortex.o
 .debug_frame   0x00000b3c      0x138 ./Drivers/STM32F4xx_HAL_Driver/Src/stm32f4xx_hal_gpio.o
 .debug_frame   0x00000c74      0x1f8 ./Drivers/STM32F4xx_HAL_Driver/Src/stm32f4xx_hal_rcc.o
 .debug_frame   0x00000e6c      0x920 ./Drivers/STM32F4xx_HAL_Driver/Src/stm32f4xx_hal_uart.o
 .debug_frame   0x0000178c      0x824 ./Drivers/STM32F4xx_HAL_Driver/Src/stm32f4xx_hal_spi.o
 .debug_frame   0x00001fb0      0x300 ./ps2-dualshock-spi/ps2_dualshock_spi.o
 .debug_frame   0x000022b0       0x2c /home/thevioletsun/arm-gnu-toolchain/bin/../lib/gcc/arm-none-eabi/13.3.1/../../../../arm-none-eabi/lib/thumb/v7e-m+fp/hard/libc_nano.a(libc_a-init.o)
 .debug_frame   0x000022dc       0x20 /home/thevioletsun/arm-gnu-toolchain/bin/../lib/gcc/arm-none-eabi/13.3.1/../../../../arm-none-eabi/lib/thumb/v7e-m+fp/hard/libc_nano.a(libc_a-memset.o)
 .debug_frame   0x000022fc       0x2c /home/thevioletsun/arm-gnu-toolchain/bin/../lib/gcc/arm-none-eabi/13.3.1/thumb/v7e-m+fp/hard/libgcc.a(_aeabi_uldivmod.o)
 .debug_frame   0x00002328       0x34 /home/thevioletsun/arm-gnu-toolchain/bin/../lib/gcc/arm-none-eabi/13.3.1/thumb/v7e-m+fp/hard/libgcc.a(_udivmoddi4.o)

.debug_line_str
                0x00000000      0x130
 .debug_line_str
                0x00000000      0x130 ./Core/Startup/startup_stm32f401ccux.o
                                 0x62 (size before relaxing)
 .debug_line_str
                0x00000130       0xc2 /home/thevioletsun/arm-gnu-toolchain/bin/../lib/gcc/arm-none-eabi/13.3.1/thumb/v7e-m+fp/hard/libgcc.a(_aeabi_uldivmod.o)
 .debug_line_str
                0x00000130       0xc6 /home/thevioletsun/arm-gnu-toolchain/bin/../lib/gcc/arm-none-eabi/13.3.1/thumb/v7e-m+fp/hard/libgcc.a(_dvmd_tls.o)
