../ps2-dualshock-spi/ps2_dualshock_spi.c:51:6:ps2_init	16	static
../ps2-dualshock-spi/ps2_dualshock_spi.c:60:6:ps2_configure	80	static
../ps2-dualshock-spi/ps2_dualshock_spi.c:114:6:ps2_small_motor	16	static
../ps2-dualshock-spi/ps2_dualshock_spi.c:129:6:ps2_large_motor	16	static
../ps2-dualshock-spi/ps2_dualshock_spi.c:137:9:ps2_main_exchange	16	static
../ps2-dualshock-spi/ps2_dualshock_spi.c:150:9:ps2_main_exchange_with_config_freq	56	static
../ps2-dualshock-spi/ps2_dualshock_spi.c:193:13:ps2_to_idle_state	16	static
../ps2-dualshock-spi/ps2_dualshock_spi.c:208:9:ps2_any_button_pressed	16	static
../ps2-dualshock-spi/ps2_dualshock_spi.c:227:9:ps2_all_buttons_pressed	16	static
../ps2-dualshock-spi/ps2_dualshock_spi.c:240:9:ps2_buttons_idle	16	static
../ps2-dualshock-spi/ps2_dualshock_spi.c:245:9:ps2_sticks_idle	16	static
../ps2-dualshock-spi/ps2_dualshock_spi.c:252:9:ps2_r_stick_up	16	static
../ps2-dualshock-spi/ps2_dualshock_spi.c:259:9:ps2_r_stick_down	16	static
../ps2-dualshock-spi/ps2_dualshock_spi.c:266:9:ps2_r_stick_left	16	static
../ps2-dualshock-spi/ps2_dualshock_spi.c:273:9:ps2_r_stick_right	16	static
../ps2-dualshock-spi/ps2_dualshock_spi.c:280:9:ps2_l_stick_up	16	static
../ps2-dualshock-spi/ps2_dualshock_spi.c:287:9:ps2_l_stick_down	16	static
../ps2-dualshock-spi/ps2_dualshock_spi.c:294:9:ps2_l_stick_left	16	static
../ps2-dualshock-spi/ps2_dualshock_spi.c:301:9:ps2_l_stick_right	16	static
